CRITICAL - 2026-05-30 19:05:10 --> CodeIgniter\Files\Exceptions\FileNotFoundException: File not found: "App\Helpers\filtra_url_helper"
[Method: GET, Route: /]
in SYSTEMPATH/Common.php on line 636.
 1 SYSTEMPATH/Common.php(636): CodeIgniter\Files\Exceptions\FileNotFoundException::forFileNotFound('App\\Helpers\\filtra_url_helper')
 2 APPPATH/Views/layout/header.php(5): helper([...])
 3 SYSTEMPATH/View/View.php(240): include('/Users/diego/Documents/GitHub/vertigo/app/Views/layout/header.php')
 4 SYSTEMPATH/View/View.php(243): CodeIgniter\View\View->{closure:CodeIgniter\View\View::render():237}()
 5 SYSTEMPATH/View/View.php(489): CodeIgniter\View\View->render('layout/header', null, true)
 6 APPPATH/Views/template.php(1): CodeIgniter\View\View->include('layout/header')
 7 SYSTEMPATH/View/View.php(240): include('/Users/diego/Documents/GitHub/vertigo/app/Views/template.php')
 8 SYSTEMPATH/View/View.php(243): CodeIgniter\View\View->{closure:CodeIgniter\View\View::render():237}()
 9 SYSTEMPATH/View/View.php(256): CodeIgniter\View\View->render('template', [], true)
10 SYSTEMPATH/Common.php(1254): CodeIgniter\View\View->render('home', [], true)
11 APPPATH/Controllers/Home.php(13): view('home')
12 SYSTEMPATH/CodeIgniter.php(974): App\Controllers\Home->entrada()
13 SYSTEMPATH/CodeIgniter.php(520): CodeIgniter\CodeIgniter->runController(Object(App\Controllers\Home))
14 SYSTEMPATH/CodeIgniter.php(363): CodeIgniter\CodeIgniter->handleRequest(null, Object(Config\Cache), false)
15 SYSTEMPATH/Boot.php(417): CodeIgniter\CodeIgniter->run()
16 SYSTEMPATH/Boot.php(68): CodeIgniter\Boot::runCodeIgniter(Object(CodeIgniter\CodeIgniter))
17 FCPATH/index.php(59): CodeIgniter\Boot::bootWeb(Object(Config\Paths))
18 SYSTEMPATH/rewrite.php(44): require_once('/Users/diego/Documents/GitHub/vertigo/public/index.php')
CRITICAL - 2026-05-30 19:05:13 --> CodeIgniter\Files\Exceptions\FileNotFoundException: File not found: "App\Helpers\filtra_url_helper"
[Method: GET, Route: /]
in SYSTEMPATH/Common.php on line 636.
 1 SYSTEMPATH/Common.php(636): CodeIgniter\Files\Exceptions\FileNotFoundException::forFileNotFound('App\\Helpers\\filtra_url_helper')
 2 APPPATH/Views/layout/header.php(5): helper([...])
 3 SYSTEMPATH/View/View.php(240): include('/Users/diego/Documents/GitHub/vertigo/app/Views/layout/header.php')
 4 SYSTEMPATH/View/View.php(243): CodeIgniter\View\View->{closure:CodeIgniter\View\View::render():237}()
 5 SYSTEMPATH/View/View.php(489): CodeIgniter\View\View->render('layout/header', null, true)
 6 APPPATH/Views/template.php(1): CodeIgniter\View\View->include('layout/header')
 7 SYSTEMPATH/View/View.php(240): include('/Users/diego/Documents/GitHub/vertigo/app/Views/template.php')
 8 SYSTEMPATH/View/View.php(243): CodeIgniter\View\View->{closure:CodeIgniter\View\View::render():237}()
 9 SYSTEMPATH/View/View.php(256): CodeIgniter\View\View->render('template', [], true)
10 SYSTEMPATH/Common.php(1254): CodeIgniter\View\View->render('home', [], true)
11 APPPATH/Controllers/Home.php(13): view('home')
12 SYSTEMPATH/CodeIgniter.php(974): App\Controllers\Home->entrada()
13 SYSTEMPATH/CodeIgniter.php(520): CodeIgniter\CodeIgniter->runController(Object(App\Controllers\Home))
14 SYSTEMPATH/CodeIgniter.php(363): CodeIgniter\CodeIgniter->handleRequest(null, Object(Config\Cache), false)
15 SYSTEMPATH/Boot.php(417): CodeIgniter\CodeIgniter->run()
16 SYSTEMPATH/Boot.php(68): CodeIgniter\Boot::runCodeIgniter(Object(CodeIgniter\CodeIgniter))
17 FCPATH/index.php(59): CodeIgniter\Boot::bootWeb(Object(Config\Paths))
18 SYSTEMPATH/rewrite.php(44): require_once('/Users/diego/Documents/GitHub/vertigo/public/index.php')
CRITICAL - 2026-05-30 19:05:34 --> ErrorException: fopen(../AUTHORS.md): Failed to open stream: No such file or directory
[Method: GET, Route: /]
in APPPATH/Views/modal/autores.php on line 26.
 1 [internal function]: CodeIgniter\Debug\Exceptions->errorHandler(2, 'fopen(../AUTHORS.md): Failed to open stream: No such file or directory', '/Users/diego/Documents/GitHub/vertigo/app/Views/modal/autores.php', 26)
 2 APPPATH/Views/modal/autores.php(26): fopen('../AUTHORS.md', 'r')
 3 SYSTEMPATH/View/View.php(240): include('/Users/diego/Documents/GitHub/vertigo/app/Views/modal/autores.php')
 4 SYSTEMPATH/View/View.php(243): CodeIgniter\View\View->{closure:CodeIgniter\View\View::render():237}()
 5 SYSTEMPATH/View/View.php(489): CodeIgniter\View\View->render('modal/autores', null, true)
 6 APPPATH/Views/layout/footer.php(46): CodeIgniter\View\View->include('modal/autores')
 7 SYSTEMPATH/View/View.php(240): include('/Users/diego/Documents/GitHub/vertigo/app/Views/layout/footer.php')
 8 SYSTEMPATH/View/View.php(243): CodeIgniter\View\View->{closure:CodeIgniter\View\View::render():237}()
 9 SYSTEMPATH/View/View.php(489): CodeIgniter\View\View->render('layout/footer', null, true)
10 APPPATH/Views/template.php(9): CodeIgniter\View\View->include('layout/footer')
11 SYSTEMPATH/View/View.php(240): include('/Users/diego/Documents/GitHub/vertigo/app/Views/template.php')
12 SYSTEMPATH/View/View.php(243): CodeIgniter\View\View->{closure:CodeIgniter\View\View::render():237}()
13 SYSTEMPATH/View/View.php(256): CodeIgniter\View\View->render('template', [], true)
14 SYSTEMPATH/Common.php(1254): CodeIgniter\View\View->render('home', [], true)
15 APPPATH/Controllers/Home.php(13): view('home')
16 SYSTEMPATH/CodeIgniter.php(974): App\Controllers\Home->entrada()
17 SYSTEMPATH/CodeIgniter.php(520): CodeIgniter\CodeIgniter->runController(Object(App\Controllers\Home))
18 SYSTEMPATH/CodeIgniter.php(363): CodeIgniter\CodeIgniter->handleRequest(null, Object(Config\Cache), false)
19 SYSTEMPATH/Boot.php(417): CodeIgniter\CodeIgniter->run()
20 SYSTEMPATH/Boot.php(68): CodeIgniter\Boot::runCodeIgniter(Object(CodeIgniter\CodeIgniter))
21 FCPATH/index.php(59): CodeIgniter\Boot::bootWeb(Object(Config\Paths))
22 SYSTEMPATH/rewrite.php(44): require_once('/Users/diego/Documents/GitHub/vertigo/public/index.php')
CRITICAL - 2026-05-30 19:05:35 --> ErrorException: fopen(../AUTHORS.md): Failed to open stream: No such file or directory
[Method: GET, Route: /]
in APPPATH/Views/modal/autores.php on line 26.
 1 [internal function]: CodeIgniter\Debug\Exceptions->errorHandler(2, 'fopen(../AUTHORS.md): Failed to open stream: No such file or directory', '/Users/diego/Documents/GitHub/vertigo/app/Views/modal/autores.php', 26)
 2 APPPATH/Views/modal/autores.php(26): fopen('../AUTHORS.md', 'r')
 3 SYSTEMPATH/View/View.php(240): include('/Users/diego/Documents/GitHub/vertigo/app/Views/modal/autores.php')
 4 SYSTEMPATH/View/View.php(243): CodeIgniter\View\View->{closure:CodeIgniter\View\View::render():237}()
 5 SYSTEMPATH/View/View.php(489): CodeIgniter\View\View->render('modal/autores', null, true)
 6 APPPATH/Views/layout/footer.php(46): CodeIgniter\View\View->include('modal/autores')
 7 SYSTEMPATH/View/View.php(240): include('/Users/diego/Documents/GitHub/vertigo/app/Views/layout/footer.php')
 8 SYSTEMPATH/View/View.php(243): CodeIgniter\View\View->{closure:CodeIgniter\View\View::render():237}()
 9 SYSTEMPATH/View/View.php(489): CodeIgniter\View\View->render('layout/footer', null, true)
10 APPPATH/Views/template.php(9): CodeIgniter\View\View->include('layout/footer')
11 SYSTEMPATH/View/View.php(240): include('/Users/diego/Documents/GitHub/vertigo/app/Views/template.php')
12 SYSTEMPATH/View/View.php(243): CodeIgniter\View\View->{closure:CodeIgniter\View\View::render():237}()
13 SYSTEMPATH/View/View.php(256): CodeIgniter\View\View->render('template', [], true)
14 SYSTEMPATH/Common.php(1254): CodeIgniter\View\View->render('home', [], true)
15 APPPATH/Controllers/Home.php(13): view('home')
16 SYSTEMPATH/CodeIgniter.php(974): App\Controllers\Home->entrada()
17 SYSTEMPATH/CodeIgniter.php(520): CodeIgniter\CodeIgniter->runController(Object(App\Controllers\Home))
18 SYSTEMPATH/CodeIgniter.php(363): CodeIgniter\CodeIgniter->handleRequest(null, Object(Config\Cache), false)
19 SYSTEMPATH/Boot.php(417): CodeIgniter\CodeIgniter->run()
20 SYSTEMPATH/Boot.php(68): CodeIgniter\Boot::runCodeIgniter(Object(CodeIgniter\CodeIgniter))
21 FCPATH/index.php(59): CodeIgniter\Boot::bootWeb(Object(Config\Paths))
22 SYSTEMPATH/rewrite.php(44): require_once('/Users/diego/Documents/GitHub/vertigo/public/index.php')
CRITICAL - 2026-05-30 19:06:06 --> ErrorException: fopen(../VERSION.md): Failed to open stream: No such file or directory
[Method: GET, Route: /]
in APPPATH/Views/modal/autores.php on line 54.
 1 [internal function]: CodeIgniter\Debug\Exceptions->errorHandler(2, 'fopen(../VERSION.md): Failed to open stream: No such file or directory', '/Users/diego/Documents/GitHub/vertigo/app/Views/modal/autores.php', 54)
 2 APPPATH/Views/modal/autores.php(54): fopen('../VERSION.md', 'r')
 3 SYSTEMPATH/View/View.php(240): include('/Users/diego/Documents/GitHub/vertigo/app/Views/modal/autores.php')
 4 SYSTEMPATH/View/View.php(243): CodeIgniter\View\View->{closure:CodeIgniter\View\View::render():237}()
 5 SYSTEMPATH/View/View.php(489): CodeIgniter\View\View->render('modal/autores', null, true)
 6 APPPATH/Views/layout/footer.php(46): CodeIgniter\View\View->include('modal/autores')
 7 SYSTEMPATH/View/View.php(240): include('/Users/diego/Documents/GitHub/vertigo/app/Views/layout/footer.php')
 8 SYSTEMPATH/View/View.php(243): CodeIgniter\View\View->{closure:CodeIgniter\View\View::render():237}()
 9 SYSTEMPATH/View/View.php(489): CodeIgniter\View\View->render('layout/footer', null, true)
10 APPPATH/Views/template.php(9): CodeIgniter\View\View->include('layout/footer')
11 SYSTEMPATH/View/View.php(240): include('/Users/diego/Documents/GitHub/vertigo/app/Views/template.php')
12 SYSTEMPATH/View/View.php(243): CodeIgniter\View\View->{closure:CodeIgniter\View\View::render():237}()
13 SYSTEMPATH/View/View.php(256): CodeIgniter\View\View->render('template', [], true)
14 SYSTEMPATH/Common.php(1254): CodeIgniter\View\View->render('home', [], true)
15 APPPATH/Controllers/Home.php(13): view('home')
16 SYSTEMPATH/CodeIgniter.php(974): App\Controllers\Home->entrada()
17 SYSTEMPATH/CodeIgniter.php(520): CodeIgniter\CodeIgniter->runController(Object(App\Controllers\Home))
18 SYSTEMPATH/CodeIgniter.php(363): CodeIgniter\CodeIgniter->handleRequest(null, Object(Config\Cache), false)
19 SYSTEMPATH/Boot.php(417): CodeIgniter\CodeIgniter->run()
20 SYSTEMPATH/Boot.php(68): CodeIgniter\Boot::runCodeIgniter(Object(CodeIgniter\CodeIgniter))
21 FCPATH/index.php(59): CodeIgniter\Boot::bootWeb(Object(Config\Paths))
22 SYSTEMPATH/rewrite.php(44): require_once('/Users/diego/Documents/GitHub/vertigo/public/index.php')
CRITICAL - 2026-05-30 19:06:07 --> ErrorException: fopen(../VERSION.md): Failed to open stream: No such file or directory
[Method: GET, Route: /]
in APPPATH/Views/modal/autores.php on line 54.
 1 [internal function]: CodeIgniter\Debug\Exceptions->errorHandler(2, 'fopen(../VERSION.md): Failed to open stream: No such file or directory', '/Users/diego/Documents/GitHub/vertigo/app/Views/modal/autores.php', 54)
 2 APPPATH/Views/modal/autores.php(54): fopen('../VERSION.md', 'r')
 3 SYSTEMPATH/View/View.php(240): include('/Users/diego/Documents/GitHub/vertigo/app/Views/modal/autores.php')
 4 SYSTEMPATH/View/View.php(243): CodeIgniter\View\View->{closure:CodeIgniter\View\View::render():237}()
 5 SYSTEMPATH/View/View.php(489): CodeIgniter\View\View->render('modal/autores', null, true)
 6 APPPATH/Views/layout/footer.php(46): CodeIgniter\View\View->include('modal/autores')
 7 SYSTEMPATH/View/View.php(240): include('/Users/diego/Documents/GitHub/vertigo/app/Views/layout/footer.php')
 8 SYSTEMPATH/View/View.php(243): CodeIgniter\View\View->{closure:CodeIgniter\View\View::render():237}()
 9 SYSTEMPATH/View/View.php(489): CodeIgniter\View\View->render('layout/footer', null, true)
10 APPPATH/Views/template.php(9): CodeIgniter\View\View->include('layout/footer')
11 SYSTEMPATH/View/View.php(240): include('/Users/diego/Documents/GitHub/vertigo/app/Views/template.php')
12 SYSTEMPATH/View/View.php(243): CodeIgniter\View\View->{closure:CodeIgniter\View\View::render():237}()
13 SYSTEMPATH/View/View.php(256): CodeIgniter\View\View->render('template', [], true)
14 SYSTEMPATH/Common.php(1254): CodeIgniter\View\View->render('home', [], true)
15 APPPATH/Controllers/Home.php(13): view('home')
16 SYSTEMPATH/CodeIgniter.php(974): App\Controllers\Home->entrada()
17 SYSTEMPATH/CodeIgniter.php(520): CodeIgniter\CodeIgniter->runController(Object(App\Controllers\Home))
18 SYSTEMPATH/CodeIgniter.php(363): CodeIgniter\CodeIgniter->handleRequest(null, Object(Config\Cache), false)
19 SYSTEMPATH/Boot.php(417): CodeIgniter\CodeIgniter->run()
20 SYSTEMPATH/Boot.php(68): CodeIgniter\Boot::runCodeIgniter(Object(CodeIgniter\CodeIgniter))
21 FCPATH/index.php(59): CodeIgniter\Boot::bootWeb(Object(Config\Paths))
22 SYSTEMPATH/rewrite.php(44): require_once('/Users/diego/Documents/GitHub/vertigo/public/index.php')
CRITICAL - 2026-05-30 21:31:58 --> ErrorException: Undefined array key "input"
[Method: POST, Route: run]
in APPPATH/Controllers/Run.php on line 54.
 1 APPPATH/Controllers/Run.php(54): CodeIgniter\Debug\Exceptions->errorHandler(2, 'Undefined array key "input"', '/Users/diego/Documents/GitHub/vertigo/app/Controllers/Run.php', 54)
 2 SYSTEMPATH/CodeIgniter.php(974): App\Controllers\Run->index()
 3 SYSTEMPATH/CodeIgniter.php(520): CodeIgniter\CodeIgniter->runController(Object(App\Controllers\Run))
 4 SYSTEMPATH/CodeIgniter.php(363): CodeIgniter\CodeIgniter->handleRequest(null, Object(Config\Cache), false)
 5 SYSTEMPATH/Boot.php(417): CodeIgniter\CodeIgniter->run()
 6 SYSTEMPATH/Boot.php(68): CodeIgniter\Boot::runCodeIgniter(Object(CodeIgniter\CodeIgniter))
 7 FCPATH/index.php(59): CodeIgniter\Boot::bootWeb(Object(Config\Paths))
 8 SYSTEMPATH/rewrite.php(44): require_once('/Users/diego/Documents/GitHub/vertigo/public/index.php')
